program
  stmtList
    stmt
      functionDefinition
        paramList
        block
          stmtList
