program
  declList
    decl
      functionDefinition
        paramList
          param
        stmtBlock
          stmtList
            expr0
              ifExpr
                expr0
                  expr1
                    expr2
                      expr3
                        expr4
                          name
                    op0
                    expr2
                      expr3
                        expr4
                          literal
                expr0
                  expr1
                    expr2
                      expr3
                        expr4
                          literal
                expr0
                  expr1
                    expr2
                      expr3
                        expr4
                          callExpr
                            expr0
                              expr1
                                expr2
                                  expr3
                                    expr4
                                      expr0
                                        expr1
                                          expr2
                                            expr3
                                              expr4
                                                name
                                            op1
                                            expr3
                                              expr4
                                                literal
                      op1
                      expr3
                        expr4
                          callExpr
                            expr0
                              expr1
                                expr2
                                  expr3
                                    expr4
                                      expr0
                                        expr1
                                          expr2
                                            expr3
                                              expr4
                                                name
                                            op1
                                            expr3
                                              expr4
                                                literal
    decl
      functionDefinition
        paramList
        stmtBlock
          stmtList
            stmt
              expr0
                expr1
                  expr2
                    expr3
                      expr4
                        callExpr
                          expr0
                            expr1
                              expr2
                                expr3
                                  expr4
                                    expr0
                                      expr1
                                        expr2
                                          expr3
                                            expr4
                                              callExpr
                                                expr0
                                                  expr1
                                                    expr2
                                                      expr3
                                                        expr4
                                                          literal
