program
  stmtList
    stmt
      functionDefinition
        paramList
        block
          stmtList
            stmt
              binding
                expr0
                  expr1
                    expr2
                      expr3
                        expr4
                          literal
            stmt
              binding
                expr0
                  expr1
                    expr2
                      expr3
                        expr4
                          literal
            stmt
              binding
                expr0
                  expr1
                    expr2
                      expr3
                        expr4
                          literal
