FunctionDefinition(main, ()) {
  Binding(
    NameAccess(a)
    LiteralInt(1)
  )
  Binding(
    NameAccess(b)
    LiteralInt(2)
  )
  Binding(
    NameAccess(c)
    LiteralInt(3)
  )
}
